// Jest Snapshot v1, https://goo.gl/fbAQLP

exports[`it should return pink theme on non-existing theme 1`] = `"{\\"breakpoints\\":{\\"keys\\":[\\"xs\\",\\"sm\\",\\"md\\",\\"lg\\",\\"xl\\"],\\"values\\":{\\"xs\\":0,\\"sm\\":600,\\"md\\":960,\\"lg\\":1280,\\"xl\\":1920}},\\"direction\\":\\"ltr\\",\\"mixins\\":{\\"toolbar\\":{\\"minHeight\\":56,\\"@media (min-width:0px) and (orientation: landscape)\\":{\\"minHeight\\":48},\\"@media (min-width:600px)\\":{\\"minHeight\\":64}}},\\"overrides\\":{},\\"palette\\":{\\"common\\":{\\"black\\":\\"#000\\",\\"white\\":\\"#fff\\"},\\"type\\":\\"light\\",\\"primary\\":{\\"50\\":\\"#fce4ec\\",\\"100\\":\\"#f8bbd0\\",\\"200\\":\\"#f48fb1\\",\\"300\\":\\"#f06292\\",\\"400\\":\\"#ec407a\\",\\"500\\":\\"#e91e63\\",\\"600\\":\\"#d81b60\\",\\"700\\":\\"#c2185b\\",\\"800\\":\\"#ad1457\\",\\"900\\":\\"#880e4f\\",\\"A100\\":\\"#ff80ab\\",\\"A200\\":\\"#ff4081\\",\\"A400\\":\\"#f50057\\",\\"A700\\":\\"#c51162\\",\\"main\\":\\"#e91e63\\",\\"light\\":\\"#f06292\\",\\"dark\\":\\"#c2185b\\",\\"contrastText\\":\\"#fff\\"},\\"secondary\\":{\\"50\\":\\"#e0f2f1\\",\\"100\\":\\"#b2dfdb\\",\\"200\\":\\"#80cbc4\\",\\"300\\":\\"#4db6ac\\",\\"400\\":\\"#26a69a\\",\\"500\\":\\"#009688\\",\\"600\\":\\"#00897b\\",\\"700\\":\\"#00796b\\",\\"800\\":\\"#00695c\\",\\"900\\":\\"#004d40\\",\\"A100\\":\\"#a7ffeb\\",\\"A200\\":\\"#64ffda\\",\\"A400\\":\\"#1de9b6\\",\\"A700\\":\\"#00bfa5\\",\\"main\\":\\"#1de9b6\\",\\"light\\":\\"#64ffda\\",\\"dark\\":\\"#00bfa5\\",\\"contrastText\\":\\"rgba(0, 0, 0, 0.87)\\"},\\"error\\":{\\"light\\":\\"#e57373\\",\\"main\\":\\"#f44336\\",\\"dark\\":\\"#d32f2f\\",\\"contrastText\\":\\"#fff\\"},\\"grey\\":{\\"50\\":\\"#fafafa\\",\\"100\\":\\"#f5f5f5\\",\\"200\\":\\"#eeeeee\\",\\"300\\":\\"#e0e0e0\\",\\"400\\":\\"#bdbdbd\\",\\"500\\":\\"#9e9e9e\\",\\"600\\":\\"#757575\\",\\"700\\":\\"#616161\\",\\"800\\":\\"#424242\\",\\"900\\":\\"#212121\\",\\"A100\\":\\"#d5d5d5\\",\\"A200\\":\\"#aaaaaa\\",\\"A400\\":\\"#303030\\",\\"A700\\":\\"#616161\\"},\\"contrastThreshold\\":3,\\"tonalOffset\\":0.2,\\"text\\":{\\"primary\\":\\"rgba(0, 0, 0, 0.87)\\",\\"secondary\\":\\"rgba(0, 0, 0, 0.54)\\",\\"disabled\\":\\"rgba(0, 0, 0, 0.38)\\",\\"hint\\":\\"rgba(0, 0, 0, 0.38)\\"},\\"divider\\":\\"rgba(0, 0, 0, 0.12)\\",\\"background\\":{\\"paper\\":\\"#fff\\",\\"default\\":\\"#fafafa\\"},\\"action\\":{\\"active\\":\\"rgba(0, 0, 0, 0.54)\\",\\"hover\\":\\"rgba(0, 0, 0, 0.08)\\",\\"hoverOpacity\\":0.08,\\"selected\\":\\"rgba(0, 0, 0, 0.14)\\",\\"disabled\\":\\"rgba(0, 0, 0, 0.26)\\",\\"disabledBackground\\":\\"rgba(0, 0, 0, 0.12)\\"}},\\"props\\":{},\\"shadows\\":[\\"none\\",\\"0px 1px 3px 0px rgba(0,0,0,0.2),0px 1px 1px 0px rgba(0,0,0,0.14),0px 2px 1px -1px rgba(0,0,0,0.12)\\",\\"0px 1px 5px 0px rgba(0,0,0,0.2),0px 2px 2px 0px rgba(0,0,0,0.14),0px 3px 1px -2px rgba(0,0,0,0.12)\\",\\"0px 1px 8px 0px rgba(0,0,0,0.2),0px 3px 4px 0px rgba(0,0,0,0.14),0px 3px 3px -2px rgba(0,0,0,0.12)\\",\\"0px 2px 4px -1px rgba(0,0,0,0.2),0px 4px 5px 0px rgba(0,0,0,0.14),0px 1px 10px 0px rgba(0,0,0,0.12)\\",\\"0px 3px 5px -1px rgba(0,0,0,0.2),0px 5px 8px 0px rgba(0,0,0,0.14),0px 1px 14px 0px rgba(0,0,0,0.12)\\",\\"0px 3px 5px -1px rgba(0,0,0,0.2),0px 6px 10px 0px rgba(0,0,0,0.14),0px 1px 18px 0px rgba(0,0,0,0.12)\\",\\"0px 4px 5px -2px rgba(0,0,0,0.2),0px 7px 10px 1px rgba(0,0,0,0.14),0px 2px 16px 1px rgba(0,0,0,0.12)\\",\\"0px 5px 5px -3px rgba(0,0,0,0.2),0px 8px 10px 1px rgba(0,0,0,0.14),0px 3px 14px 2px rgba(0,0,0,0.12)\\",\\"0px 5px 6px -3px rgba(0,0,0,0.2),0px 9px 12px 1px rgba(0,0,0,0.14),0px 3px 16px 2px rgba(0,0,0,0.12)\\",\\"0px 6px 6px -3px rgba(0,0,0,0.2),0px 10px 14px 1px rgba(0,0,0,0.14),0px 4px 18px 3px rgba(0,0,0,0.12)\\",\\"0px 6px 7px -4px rgba(0,0,0,0.2),0px 11px 15px 1px rgba(0,0,0,0.14),0px 4px 20px 3px rgba(0,0,0,0.12)\\",\\"0px 7px 8px -4px rgba(0,0,0,0.2),0px 12px 17px 2px rgba(0,0,0,0.14),0px 5px 22px 4px rgba(0,0,0,0.12)\\",\\"0px 7px 8px -4px rgba(0,0,0,0.2),0px 13px 19px 2px rgba(0,0,0,0.14),0px 5px 24px 4px rgba(0,0,0,0.12)\\",\\"0px 7px 9px -4px rgba(0,0,0,0.2),0px 14px 21px 2px rgba(0,0,0,0.14),0px 5px 26px 4px rgba(0,0,0,0.12)\\",\\"0px 8px 9px -5px rgba(0,0,0,0.2),0px 15px 22px 2px rgba(0,0,0,0.14),0px 6px 28px 5px rgba(0,0,0,0.12)\\",\\"0px 8px 10px -5px rgba(0,0,0,0.2),0px 16px 24px 2px rgba(0,0,0,0.14),0px 6px 30px 5px rgba(0,0,0,0.12)\\",\\"0px 8px 11px -5px rgba(0,0,0,0.2),0px 17px 26px 2px rgba(0,0,0,0.14),0px 6px 32px 5px rgba(0,0,0,0.12)\\",\\"0px 9px 11px -5px rgba(0,0,0,0.2),0px 18px 28px 2px rgba(0,0,0,0.14),0px 7px 34px 6px rgba(0,0,0,0.12)\\",\\"0px 9px 12px -6px rgba(0,0,0,0.2),0px 19px 29px 2px rgba(0,0,0,0.14),0px 7px 36px 6px rgba(0,0,0,0.12)\\",\\"0px 10px 13px -6px rgba(0,0,0,0.2),0px 20px 31px 3px rgba(0,0,0,0.14),0px 8px 38px 7px rgba(0,0,0,0.12)\\",\\"0px 10px 13px -6px rgba(0,0,0,0.2),0px 21px 33px 3px rgba(0,0,0,0.14),0px 8px 40px 7px rgba(0,0,0,0.12)\\",\\"0px 10px 14px -6px rgba(0,0,0,0.2),0px 22px 35px 3px rgba(0,0,0,0.14),0px 8px 42px 7px rgba(0,0,0,0.12)\\",\\"0px 11px 14px -7px rgba(0,0,0,0.2),0px 23px 36px 3px rgba(0,0,0,0.14),0px 9px 44px 8px rgba(0,0,0,0.12)\\",\\"0px 11px 15px -7px rgba(0,0,0,0.2),0px 24px 38px 3px rgba(0,0,0,0.14),0px 9px 46px 8px rgba(0,0,0,0.12)\\"],\\"typography\\":{\\"htmlFontSize\\":16,\\"fontFamily\\":\\"\\\\\\"Roboto\\\\\\", \\\\\\"Helvetica\\\\\\", \\\\\\"Arial\\\\\\", sans-serif\\",\\"fontSize\\":14,\\"fontWeightLight\\":300,\\"fontWeightRegular\\":400,\\"fontWeightMedium\\":500,\\"fontWeightBold\\":700,\\"h1\\":{\\"fontFamily\\":\\"\\\\\\"Roboto\\\\\\", \\\\\\"Helvetica\\\\\\", \\\\\\"Arial\\\\\\", sans-serif\\",\\"fontWeight\\":300,\\"fontSize\\":\\"6rem\\",\\"lineHeight\\":1,\\"letterSpacing\\":\\"-0.01562em\\"},\\"h2\\":{\\"fontFamily\\":\\"\\\\\\"Roboto\\\\\\", \\\\\\"Helvetica\\\\\\", \\\\\\"Arial\\\\\\", sans-serif\\",\\"fontWeight\\":300,\\"fontSize\\":\\"3.75rem\\",\\"lineHeight\\":1,\\"letterSpacing\\":\\"-0.00833em\\"},\\"h3\\":{\\"fontFamily\\":\\"\\\\\\"Roboto\\\\\\", \\\\\\"Helvetica\\\\\\", \\\\\\"Arial\\\\\\", sans-serif\\",\\"fontWeight\\":400,\\"fontSize\\":\\"3rem\\",\\"lineHeight\\":1.04,\\"letterSpacing\\":\\"0em\\"},\\"h4\\":{\\"fontFamily\\":\\"\\\\\\"Roboto\\\\\\", \\\\\\"Helvetica\\\\\\", \\\\\\"Arial\\\\\\", sans-serif\\",\\"fontWeight\\":400,\\"fontSize\\":\\"2.125rem\\",\\"lineHeight\\":1.17,\\"letterSpacing\\":\\"0.00735em\\"},\\"h5\\":{\\"fontFamily\\":\\"\\\\\\"Roboto\\\\\\", \\\\\\"Helvetica\\\\\\", \\\\\\"Arial\\\\\\", sans-serif\\",\\"fontWeight\\":400,\\"fontSize\\":\\"1.5rem\\",\\"lineHeight\\":1.33,\\"letterSpacing\\":\\"0em\\"},\\"h6\\":{\\"fontFamily\\":\\"\\\\\\"Roboto\\\\\\", \\\\\\"Helvetica\\\\\\", \\\\\\"Arial\\\\\\", sans-serif\\",\\"fontWeight\\":500,\\"fontSize\\":\\"1.25rem\\",\\"lineHeight\\":1.6,\\"letterSpacing\\":\\"0.0075em\\"},\\"subtitle1\\":{\\"fontFamily\\":\\"\\\\\\"Roboto\\\\\\", \\\\\\"Helvetica\\\\\\", \\\\\\"Arial\\\\\\", sans-serif\\",\\"fontWeight\\":400,\\"fontSize\\":\\"1rem\\",\\"lineHeight\\":1.75,\\"letterSpacing\\":\\"0.00938em\\"},\\"subtitle2\\":{\\"fontFamily\\":\\"\\\\\\"Roboto\\\\\\", \\\\\\"Helvetica\\\\\\", \\\\\\"Arial\\\\\\", sans-serif\\",\\"fontWeight\\":500,\\"fontSize\\":\\"0.875rem\\",\\"lineHeight\\":1.57,\\"letterSpacing\\":\\"0.00714em\\"},\\"body1\\":{\\"fontFamily\\":\\"\\\\\\"Roboto\\\\\\", \\\\\\"Helvetica\\\\\\", \\\\\\"Arial\\\\\\", sans-serif\\",\\"fontWeight\\":400,\\"fontSize\\":\\"1rem\\",\\"lineHeight\\":1.5,\\"letterSpacing\\":\\"0.00938em\\"},\\"body2\\":{\\"fontFamily\\":\\"\\\\\\"Roboto\\\\\\", \\\\\\"Helvetica\\\\\\", \\\\\\"Arial\\\\\\", sans-serif\\",\\"fontWeight\\":400,\\"fontSize\\":\\"0.875rem\\",\\"lineHeight\\":1.43,\\"letterSpacing\\":\\"0.01071em\\"},\\"button\\":{\\"fontFamily\\":\\"\\\\\\"Roboto\\\\\\", \\\\\\"Helvetica\\\\\\", \\\\\\"Arial\\\\\\", sans-serif\\",\\"fontWeight\\":500,\\"fontSize\\":\\"0.875rem\\",\\"lineHeight\\":1.75,\\"letterSpacing\\":\\"0.02857em\\",\\"textTransform\\":\\"uppercase\\"},\\"caption\\":{\\"fontFamily\\":\\"\\\\\\"Roboto\\\\\\", \\\\\\"Helvetica\\\\\\", \\\\\\"Arial\\\\\\", sans-serif\\",\\"fontWeight\\":400,\\"fontSize\\":\\"0.75rem\\",\\"lineHeight\\":1.66,\\"letterSpacing\\":\\"0.03333em\\"},\\"overline\\":{\\"fontFamily\\":\\"\\\\\\"Roboto\\\\\\", \\\\\\"Helvetica\\\\\\", \\\\\\"Arial\\\\\\", sans-serif\\",\\"fontWeight\\":400,\\"fontSize\\":\\"0.75rem\\",\\"lineHeight\\":2.66,\\"letterSpacing\\":\\"0.08333em\\",\\"textTransform\\":\\"uppercase\\"}},\\"shape\\":{\\"borderRadius\\":4},\\"transitions\\":{\\"easing\\":{\\"easeInOut\\":\\"cubic-bezier(0.4, 0, 0.2, 1)\\",\\"easeOut\\":\\"cubic-bezier(0.0, 0, 0.2, 1)\\",\\"easeIn\\":\\"cubic-bezier(0.4, 0, 1, 1)\\",\\"sharp\\":\\"cubic-bezier(0.4, 0, 0.6, 1)\\"},\\"duration\\":{\\"shortest\\":150,\\"shorter\\":200,\\"short\\":250,\\"standard\\":300,\\"complex\\":375,\\"enteringScreen\\":225,\\"leavingScreen\\":195}},\\"zIndex\\":{\\"mobileStepper\\":1000,\\"appBar\\":1100,\\"drawer\\":1200,\\"modal\\":1300,\\"snackbar\\":1400,\\"tooltip\\":1500}}"`;

exports[`it should use dark theme correctly 1`] = `
Object {
  "breakpoints": Object {
    "between": [Function],
    "down": [Function],
    "keys": Array [
      "xs",
      "sm",
      "md",
      "lg",
      "xl",
    ],
    "only": [Function],
    "up": [Function],
    "values": Object {
      "lg": 1280,
      "md": 960,
      "sm": 600,
      "xl": 1920,
      "xs": 0,
    },
    "width": [Function],
  },
  "direction": "ltr",
  "mixins": Object {
    "gutters": [Function],
    "toolbar": Object {
      "@media (min-width:0px) and (orientation: landscape)": Object {
        "minHeight": 48,
      },
      "@media (min-width:600px)": Object {
        "minHeight": 64,
      },
      "minHeight": 56,
    },
  },
  "overrides": Object {},
  "palette": Object {
    "action": Object {
      "active": "#fff",
      "disabled": "rgba(255, 255, 255, 0.3)",
      "disabledBackground": "rgba(255, 255, 255, 0.12)",
      "hover": "rgba(255, 255, 255, 0.1)",
      "hoverOpacity": 0.1,
      "selected": "rgba(255, 255, 255, 0.2)",
    },
    "augmentColor": [Function],
    "background": Object {
      "default": "#303030",
      "paper": "#424242",
    },
    "common": Object {
      "black": "#000",
      "white": "#fff",
    },
    "contrastThreshold": 3,
    "divider": "rgba(255, 255, 255, 0.12)",
    "error": Object {
      "contrastText": "#fff",
      "dark": "#d32f2f",
      "light": "#e57373",
      "main": "#f44336",
    },
    "getContrastText": [Function],
    "grey": Object {
      "100": "#f5f5f5",
      "200": "#eeeeee",
      "300": "#e0e0e0",
      "400": "#bdbdbd",
      "50": "#fafafa",
      "500": "#9e9e9e",
      "600": "#757575",
      "700": "#616161",
      "800": "#424242",
      "900": "#212121",
      "A100": "#d5d5d5",
      "A200": "#aaaaaa",
      "A400": "#303030",
      "A700": "#616161",
    },
    "primary": Object {
      "100": "#f8bbd0",
      "200": "#f48fb1",
      "300": "#f06292",
      "400": "#ec407a",
      "50": "#fce4ec",
      "500": "#e91e63",
      "600": "#d81b60",
      "700": "#c2185b",
      "800": "#ad1457",
      "900": "#880e4f",
      "A100": "#ff80ab",
      "A200": "#ff4081",
      "A400": "#f50057",
      "A700": "#c51162",
      "contrastText": "#fff",
      "dark": "#c2185b",
      "light": "#f06292",
      "main": "#e91e63",
    },
    "secondary": Object {
      "100": "#b2dfdb",
      "200": "#80cbc4",
      "300": "#4db6ac",
      "400": "#26a69a",
      "50": "#e0f2f1",
      "500": "#009688",
      "600": "#00897b",
      "700": "#00796b",
      "800": "#00695c",
      "900": "#004d40",
      "A100": "#a7ffeb",
      "A200": "#64ffda",
      "A400": "#1de9b6",
      "A700": "#00bfa5",
      "contrastText": "rgba(0, 0, 0, 0.87)",
      "dark": "#00bfa5",
      "light": "#64ffda",
      "main": "#1de9b6",
    },
    "text": Object {
      "disabled": "rgba(255, 255, 255, 0.5)",
      "hint": "rgba(255, 255, 255, 0.5)",
      "icon": "rgba(255, 255, 255, 0.5)",
      "primary": "#fff",
      "secondary": "rgba(255, 255, 255, 0.7)",
    },
    "tonalOffset": 0.2,
    "type": "dark",
  },
  "props": Object {},
  "shadows": Array [
    "none",
    "0px 1px 3px 0px rgba(0,0,0,0.2),0px 1px 1px 0px rgba(0,0,0,0.14),0px 2px 1px -1px rgba(0,0,0,0.12)",
    "0px 1px 5px 0px rgba(0,0,0,0.2),0px 2px 2px 0px rgba(0,0,0,0.14),0px 3px 1px -2px rgba(0,0,0,0.12)",
    "0px 1px 8px 0px rgba(0,0,0,0.2),0px 3px 4px 0px rgba(0,0,0,0.14),0px 3px 3px -2px rgba(0,0,0,0.12)",
    "0px 2px 4px -1px rgba(0,0,0,0.2),0px 4px 5px 0px rgba(0,0,0,0.14),0px 1px 10px 0px rgba(0,0,0,0.12)",
    "0px 3px 5px -1px rgba(0,0,0,0.2),0px 5px 8px 0px rgba(0,0,0,0.14),0px 1px 14px 0px rgba(0,0,0,0.12)",
    "0px 3px 5px -1px rgba(0,0,0,0.2),0px 6px 10px 0px rgba(0,0,0,0.14),0px 1px 18px 0px rgba(0,0,0,0.12)",
    "0px 4px 5px -2px rgba(0,0,0,0.2),0px 7px 10px 1px rgba(0,0,0,0.14),0px 2px 16px 1px rgba(0,0,0,0.12)",
    "0px 5px 5px -3px rgba(0,0,0,0.2),0px 8px 10px 1px rgba(0,0,0,0.14),0px 3px 14px 2px rgba(0,0,0,0.12)",
    "0px 5px 6px -3px rgba(0,0,0,0.2),0px 9px 12px 1px rgba(0,0,0,0.14),0px 3px 16px 2px rgba(0,0,0,0.12)",
    "0px 6px 6px -3px rgba(0,0,0,0.2),0px 10px 14px 1px rgba(0,0,0,0.14),0px 4px 18px 3px rgba(0,0,0,0.12)",
    "0px 6px 7px -4px rgba(0,0,0,0.2),0px 11px 15px 1px rgba(0,0,0,0.14),0px 4px 20px 3px rgba(0,0,0,0.12)",
    "0px 7px 8px -4px rgba(0,0,0,0.2),0px 12px 17px 2px rgba(0,0,0,0.14),0px 5px 22px 4px rgba(0,0,0,0.12)",
    "0px 7px 8px -4px rgba(0,0,0,0.2),0px 13px 19px 2px rgba(0,0,0,0.14),0px 5px 24px 4px rgba(0,0,0,0.12)",
    "0px 7px 9px -4px rgba(0,0,0,0.2),0px 14px 21px 2px rgba(0,0,0,0.14),0px 5px 26px 4px rgba(0,0,0,0.12)",
    "0px 8px 9px -5px rgba(0,0,0,0.2),0px 15px 22px 2px rgba(0,0,0,0.14),0px 6px 28px 5px rgba(0,0,0,0.12)",
    "0px 8px 10px -5px rgba(0,0,0,0.2),0px 16px 24px 2px rgba(0,0,0,0.14),0px 6px 30px 5px rgba(0,0,0,0.12)",
    "0px 8px 11px -5px rgba(0,0,0,0.2),0px 17px 26px 2px rgba(0,0,0,0.14),0px 6px 32px 5px rgba(0,0,0,0.12)",
    "0px 9px 11px -5px rgba(0,0,0,0.2),0px 18px 28px 2px rgba(0,0,0,0.14),0px 7px 34px 6px rgba(0,0,0,0.12)",
    "0px 9px 12px -6px rgba(0,0,0,0.2),0px 19px 29px 2px rgba(0,0,0,0.14),0px 7px 36px 6px rgba(0,0,0,0.12)",
    "0px 10px 13px -6px rgba(0,0,0,0.2),0px 20px 31px 3px rgba(0,0,0,0.14),0px 8px 38px 7px rgba(0,0,0,0.12)",
    "0px 10px 13px -6px rgba(0,0,0,0.2),0px 21px 33px 3px rgba(0,0,0,0.14),0px 8px 40px 7px rgba(0,0,0,0.12)",
    "0px 10px 14px -6px rgba(0,0,0,0.2),0px 22px 35px 3px rgba(0,0,0,0.14),0px 8px 42px 7px rgba(0,0,0,0.12)",
    "0px 11px 14px -7px rgba(0,0,0,0.2),0px 23px 36px 3px rgba(0,0,0,0.14),0px 9px 44px 8px rgba(0,0,0,0.12)",
    "0px 11px 15px -7px rgba(0,0,0,0.2),0px 24px 38px 3px rgba(0,0,0,0.14),0px 9px 46px 8px rgba(0,0,0,0.12)",
  ],
  "shape": Object {
    "borderRadius": 4,
  },
  "spacing": [Function],
  "transitions": Object {
    "create": [Function],
    "duration": Object {
      "complex": 375,
      "enteringScreen": 225,
      "leavingScreen": 195,
      "short": 250,
      "shorter": 200,
      "shortest": 150,
      "standard": 300,
    },
    "easing": Object {
      "easeIn": "cubic-bezier(0.4, 0, 1, 1)",
      "easeInOut": "cubic-bezier(0.4, 0, 0.2, 1)",
      "easeOut": "cubic-bezier(0.0, 0, 0.2, 1)",
      "sharp": "cubic-bezier(0.4, 0, 0.6, 1)",
    },
    "getAutoHeightDuration": [Function],
  },
  "typography": Object {
    "body1": Object {
      "fontFamily": "\\"Roboto\\", \\"Helvetica\\", \\"Arial\\", sans-serif",
      "fontSize": "1rem",
      "fontWeight": 400,
      "letterSpacing": "0.00938em",
      "lineHeight": 1.5,
    },
    "body2": Object {
      "fontFamily": "\\"Roboto\\", \\"Helvetica\\", \\"Arial\\", sans-serif",
      "fontSize": "0.875rem",
      "fontWeight": 400,
      "letterSpacing": "0.01071em",
      "lineHeight": 1.43,
    },
    "button": Object {
      "fontFamily": "\\"Roboto\\", \\"Helvetica\\", \\"Arial\\", sans-serif",
      "fontSize": "0.875rem",
      "fontWeight": 500,
      "letterSpacing": "0.02857em",
      "lineHeight": 1.75,
      "textTransform": "uppercase",
    },
    "caption": Object {
      "fontFamily": "\\"Roboto\\", \\"Helvetica\\", \\"Arial\\", sans-serif",
      "fontSize": "0.75rem",
      "fontWeight": 400,
      "letterSpacing": "0.03333em",
      "lineHeight": 1.66,
    },
    "fontFamily": "\\"Roboto\\", \\"Helvetica\\", \\"Arial\\", sans-serif",
    "fontSize": 14,
    "fontWeightBold": 700,
    "fontWeightLight": 300,
    "fontWeightMedium": 500,
    "fontWeightRegular": 400,
    "h1": Object {
      "fontFamily": "\\"Roboto\\", \\"Helvetica\\", \\"Arial\\", sans-serif",
      "fontSize": "6rem",
      "fontWeight": 300,
      "letterSpacing": "-0.01562em",
      "lineHeight": 1,
    },
    "h2": Object {
      "fontFamily": "\\"Roboto\\", \\"Helvetica\\", \\"Arial\\", sans-serif",
      "fontSize": "3.75rem",
      "fontWeight": 300,
      "letterSpacing": "-0.00833em",
      "lineHeight": 1,
    },
    "h3": Object {
      "fontFamily": "\\"Roboto\\", \\"Helvetica\\", \\"Arial\\", sans-serif",
      "fontSize": "3rem",
      "fontWeight": 400,
      "letterSpacing": "0em",
      "lineHeight": 1.04,
    },
    "h4": Object {
      "fontFamily": "\\"Roboto\\", \\"Helvetica\\", \\"Arial\\", sans-serif",
      "fontSize": "2.125rem",
      "fontWeight": 400,
      "letterSpacing": "0.00735em",
      "lineHeight": 1.17,
    },
    "h5": Object {
      "fontFamily": "\\"Roboto\\", \\"Helvetica\\", \\"Arial\\", sans-serif",
      "fontSize": "1.5rem",
      "fontWeight": 400,
      "letterSpacing": "0em",
      "lineHeight": 1.33,
    },
    "h6": Object {
      "fontFamily": "\\"Roboto\\", \\"Helvetica\\", \\"Arial\\", sans-serif",
      "fontSize": "1.25rem",
      "fontWeight": 500,
      "letterSpacing": "0.0075em",
      "lineHeight": 1.6,
    },
    "htmlFontSize": 16,
    "overline": Object {
      "fontFamily": "\\"Roboto\\", \\"Helvetica\\", \\"Arial\\", sans-serif",
      "fontSize": "0.75rem",
      "fontWeight": 400,
      "letterSpacing": "0.08333em",
      "lineHeight": 2.66,
      "textTransform": "uppercase",
    },
    "pxToRem": [Function],
    "round": [Function],
    "subtitle1": Object {
      "fontFamily": "\\"Roboto\\", \\"Helvetica\\", \\"Arial\\", sans-serif",
      "fontSize": "1rem",
      "fontWeight": 400,
      "letterSpacing": "0.00938em",
      "lineHeight": 1.75,
    },
    "subtitle2": Object {
      "fontFamily": "\\"Roboto\\", \\"Helvetica\\", \\"Arial\\", sans-serif",
      "fontSize": "0.875rem",
      "fontWeight": 500,
      "letterSpacing": "0.00714em",
      "lineHeight": 1.57,
    },
  },
  "zIndex": Object {
    "appBar": 1100,
    "drawer": 1200,
    "mobileStepper": 1000,
    "modal": 1300,
    "snackbar": 1400,
    "tooltip": 1500,
  },
}
`;

exports[`it should work on existing bright theme 1`] = `
Object {
  "breakpoints": Object {
    "between": [Function],
    "down": [Function],
    "keys": Array [
      "xs",
      "sm",
      "md",
      "lg",
      "xl",
    ],
    "only": [Function],
    "up": [Function],
    "values": Object {
      "lg": 1280,
      "md": 960,
      "sm": 600,
      "xl": 1920,
      "xs": 0,
    },
    "width": [Function],
  },
  "direction": "ltr",
  "mixins": Object {
    "gutters": [Function],
    "toolbar": Object {
      "@media (min-width:0px) and (orientation: landscape)": Object {
        "minHeight": 48,
      },
      "@media (min-width:600px)": Object {
        "minHeight": 64,
      },
      "minHeight": 56,
    },
  },
  "overrides": Object {},
  "palette": Object {
    "action": Object {
      "active": "rgba(0, 0, 0, 0.54)",
      "disabled": "rgba(0, 0, 0, 0.26)",
      "disabledBackground": "rgba(0, 0, 0, 0.12)",
      "hover": "rgba(0, 0, 0, 0.08)",
      "hoverOpacity": 0.08,
      "selected": "rgba(0, 0, 0, 0.14)",
    },
    "augmentColor": [Function],
    "background": Object {
      "default": "#fafafa",
      "paper": "#fff",
    },
    "common": Object {
      "black": "#000",
      "white": "#fff",
    },
    "contrastThreshold": 3,
    "divider": "rgba(0, 0, 0, 0.12)",
    "error": Object {
      "contrastText": "#fff",
      "dark": "#d32f2f",
      "light": "#e57373",
      "main": "#f44336",
    },
    "getContrastText": [Function],
    "grey": Object {
      "100": "#f5f5f5",
      "200": "#eeeeee",
      "300": "#e0e0e0",
      "400": "#bdbdbd",
      "50": "#fafafa",
      "500": "#9e9e9e",
      "600": "#757575",
      "700": "#616161",
      "800": "#424242",
      "900": "#212121",
      "A100": "#d5d5d5",
      "A200": "#aaaaaa",
      "A400": "#303030",
      "A700": "#616161",
    },
    "primary": Object {
      "100": "#c5cae9",
      "200": "#9fa8da",
      "300": "#7986cb",
      "400": "#5c6bc0",
      "50": "#e8eaf6",
      "500": "#3f51b5",
      "600": "#3949ab",
      "700": "#303f9f",
      "800": "#283593",
      "900": "#1a237e",
      "A100": "#8c9eff",
      "A200": "#536dfe",
      "A400": "#3d5afe",
      "A700": "#304ffe",
      "contrastText": "#fff",
      "dark": "#303f9f",
      "light": "#7986cb",
      "main": "#3f51b5",
    },
    "secondary": Object {
      "100": "#f8bbd0",
      "200": "#f48fb1",
      "300": "#f06292",
      "400": "#ec407a",
      "50": "#fce4ec",
      "500": "#e91e63",
      "600": "#d81b60",
      "700": "#c2185b",
      "800": "#ad1457",
      "900": "#880e4f",
      "A100": "#ff80ab",
      "A200": "#ff4081",
      "A400": "#f50057",
      "A700": "#c51162",
      "contrastText": "#fff",
      "dark": "#c51162",
      "light": "#ff4081",
      "main": "#f50057",
    },
    "text": Object {
      "disabled": "rgba(0, 0, 0, 0.38)",
      "hint": "rgba(0, 0, 0, 0.38)",
      "primary": "rgba(0, 0, 0, 0.87)",
      "secondary": "rgba(0, 0, 0, 0.54)",
    },
    "tonalOffset": 0.2,
    "type": "light",
  },
  "props": Object {},
  "shadows": Array [
    "none",
    "0px 1px 3px 0px rgba(0,0,0,0.2),0px 1px 1px 0px rgba(0,0,0,0.14),0px 2px 1px -1px rgba(0,0,0,0.12)",
    "0px 1px 5px 0px rgba(0,0,0,0.2),0px 2px 2px 0px rgba(0,0,0,0.14),0px 3px 1px -2px rgba(0,0,0,0.12)",
    "0px 1px 8px 0px rgba(0,0,0,0.2),0px 3px 4px 0px rgba(0,0,0,0.14),0px 3px 3px -2px rgba(0,0,0,0.12)",
    "0px 2px 4px -1px rgba(0,0,0,0.2),0px 4px 5px 0px rgba(0,0,0,0.14),0px 1px 10px 0px rgba(0,0,0,0.12)",
    "0px 3px 5px -1px rgba(0,0,0,0.2),0px 5px 8px 0px rgba(0,0,0,0.14),0px 1px 14px 0px rgba(0,0,0,0.12)",
    "0px 3px 5px -1px rgba(0,0,0,0.2),0px 6px 10px 0px rgba(0,0,0,0.14),0px 1px 18px 0px rgba(0,0,0,0.12)",
    "0px 4px 5px -2px rgba(0,0,0,0.2),0px 7px 10px 1px rgba(0,0,0,0.14),0px 2px 16px 1px rgba(0,0,0,0.12)",
    "0px 5px 5px -3px rgba(0,0,0,0.2),0px 8px 10px 1px rgba(0,0,0,0.14),0px 3px 14px 2px rgba(0,0,0,0.12)",
    "0px 5px 6px -3px rgba(0,0,0,0.2),0px 9px 12px 1px rgba(0,0,0,0.14),0px 3px 16px 2px rgba(0,0,0,0.12)",
    "0px 6px 6px -3px rgba(0,0,0,0.2),0px 10px 14px 1px rgba(0,0,0,0.14),0px 4px 18px 3px rgba(0,0,0,0.12)",
    "0px 6px 7px -4px rgba(0,0,0,0.2),0px 11px 15px 1px rgba(0,0,0,0.14),0px 4px 20px 3px rgba(0,0,0,0.12)",
    "0px 7px 8px -4px rgba(0,0,0,0.2),0px 12px 17px 2px rgba(0,0,0,0.14),0px 5px 22px 4px rgba(0,0,0,0.12)",
    "0px 7px 8px -4px rgba(0,0,0,0.2),0px 13px 19px 2px rgba(0,0,0,0.14),0px 5px 24px 4px rgba(0,0,0,0.12)",
    "0px 7px 9px -4px rgba(0,0,0,0.2),0px 14px 21px 2px rgba(0,0,0,0.14),0px 5px 26px 4px rgba(0,0,0,0.12)",
    "0px 8px 9px -5px rgba(0,0,0,0.2),0px 15px 22px 2px rgba(0,0,0,0.14),0px 6px 28px 5px rgba(0,0,0,0.12)",
    "0px 8px 10px -5px rgba(0,0,0,0.2),0px 16px 24px 2px rgba(0,0,0,0.14),0px 6px 30px 5px rgba(0,0,0,0.12)",
    "0px 8px 11px -5px rgba(0,0,0,0.2),0px 17px 26px 2px rgba(0,0,0,0.14),0px 6px 32px 5px rgba(0,0,0,0.12)",
    "0px 9px 11px -5px rgba(0,0,0,0.2),0px 18px 28px 2px rgba(0,0,0,0.14),0px 7px 34px 6px rgba(0,0,0,0.12)",
    "0px 9px 12px -6px rgba(0,0,0,0.2),0px 19px 29px 2px rgba(0,0,0,0.14),0px 7px 36px 6px rgba(0,0,0,0.12)",
    "0px 10px 13px -6px rgba(0,0,0,0.2),0px 20px 31px 3px rgba(0,0,0,0.14),0px 8px 38px 7px rgba(0,0,0,0.12)",
    "0px 10px 13px -6px rgba(0,0,0,0.2),0px 21px 33px 3px rgba(0,0,0,0.14),0px 8px 40px 7px rgba(0,0,0,0.12)",
    "0px 10px 14px -6px rgba(0,0,0,0.2),0px 22px 35px 3px rgba(0,0,0,0.14),0px 8px 42px 7px rgba(0,0,0,0.12)",
    "0px 11px 14px -7px rgba(0,0,0,0.2),0px 23px 36px 3px rgba(0,0,0,0.14),0px 9px 44px 8px rgba(0,0,0,0.12)",
    "0px 11px 15px -7px rgba(0,0,0,0.2),0px 24px 38px 3px rgba(0,0,0,0.14),0px 9px 46px 8px rgba(0,0,0,0.12)",
  ],
  "shape": Object {
    "borderRadius": 4,
  },
  "spacing": [Function],
  "transitions": Object {
    "create": [Function],
    "duration": Object {
      "complex": 375,
      "enteringScreen": 225,
      "leavingScreen": 195,
      "short": 250,
      "shorter": 200,
      "shortest": 150,
      "standard": 300,
    },
    "easing": Object {
      "easeIn": "cubic-bezier(0.4, 0, 1, 1)",
      "easeInOut": "cubic-bezier(0.4, 0, 0.2, 1)",
      "easeOut": "cubic-bezier(0.0, 0, 0.2, 1)",
      "sharp": "cubic-bezier(0.4, 0, 0.6, 1)",
    },
    "getAutoHeightDuration": [Function],
  },
  "typography": Object {
    "body1": Object {
      "fontFamily": "\\"Roboto\\", \\"Helvetica\\", \\"Arial\\", sans-serif",
      "fontSize": "1rem",
      "fontWeight": 400,
      "letterSpacing": "0.00938em",
      "lineHeight": 1.5,
    },
    "body2": Object {
      "fontFamily": "\\"Roboto\\", \\"Helvetica\\", \\"Arial\\", sans-serif",
      "fontSize": "0.875rem",
      "fontWeight": 400,
      "letterSpacing": "0.01071em",
      "lineHeight": 1.43,
    },
    "button": Object {
      "fontFamily": "\\"Roboto\\", \\"Helvetica\\", \\"Arial\\", sans-serif",
      "fontSize": "0.875rem",
      "fontWeight": 500,
      "letterSpacing": "0.02857em",
      "lineHeight": 1.75,
      "textTransform": "uppercase",
    },
    "caption": Object {
      "fontFamily": "\\"Roboto\\", \\"Helvetica\\", \\"Arial\\", sans-serif",
      "fontSize": "0.75rem",
      "fontWeight": 400,
      "letterSpacing": "0.03333em",
      "lineHeight": 1.66,
    },
    "fontFamily": "\\"Roboto\\", \\"Helvetica\\", \\"Arial\\", sans-serif",
    "fontSize": 14,
    "fontWeightBold": 700,
    "fontWeightLight": 300,
    "fontWeightMedium": 500,
    "fontWeightRegular": 400,
    "h1": Object {
      "fontFamily": "\\"Roboto\\", \\"Helvetica\\", \\"Arial\\", sans-serif",
      "fontSize": "6rem",
      "fontWeight": 300,
      "letterSpacing": "-0.01562em",
      "lineHeight": 1,
    },
    "h2": Object {
      "fontFamily": "\\"Roboto\\", \\"Helvetica\\", \\"Arial\\", sans-serif",
      "fontSize": "3.75rem",
      "fontWeight": 300,
      "letterSpacing": "-0.00833em",
      "lineHeight": 1,
    },
    "h3": Object {
      "fontFamily": "\\"Roboto\\", \\"Helvetica\\", \\"Arial\\", sans-serif",
      "fontSize": "3rem",
      "fontWeight": 400,
      "letterSpacing": "0em",
      "lineHeight": 1.04,
    },
    "h4": Object {
      "fontFamily": "\\"Roboto\\", \\"Helvetica\\", \\"Arial\\", sans-serif",
      "fontSize": "2.125rem",
      "fontWeight": 400,
      "letterSpacing": "0.00735em",
      "lineHeight": 1.17,
    },
    "h5": Object {
      "fontFamily": "\\"Roboto\\", \\"Helvetica\\", \\"Arial\\", sans-serif",
      "fontSize": "1.5rem",
      "fontWeight": 400,
      "letterSpacing": "0em",
      "lineHeight": 1.33,
    },
    "h6": Object {
      "fontFamily": "\\"Roboto\\", \\"Helvetica\\", \\"Arial\\", sans-serif",
      "fontSize": "1.25rem",
      "fontWeight": 500,
      "letterSpacing": "0.0075em",
      "lineHeight": 1.6,
    },
    "htmlFontSize": 16,
    "overline": Object {
      "fontFamily": "\\"Roboto\\", \\"Helvetica\\", \\"Arial\\", sans-serif",
      "fontSize": "0.75rem",
      "fontWeight": 400,
      "letterSpacing": "0.08333em",
      "lineHeight": 2.66,
      "textTransform": "uppercase",
    },
    "pxToRem": [Function],
    "round": [Function],
    "subtitle1": Object {
      "fontFamily": "\\"Roboto\\", \\"Helvetica\\", \\"Arial\\", sans-serif",
      "fontSize": "1rem",
      "fontWeight": 400,
      "letterSpacing": "0.00938em",
      "lineHeight": 1.75,
    },
    "subtitle2": Object {
      "fontFamily": "\\"Roboto\\", \\"Helvetica\\", \\"Arial\\", sans-serif",
      "fontSize": "0.875rem",
      "fontWeight": 500,
      "letterSpacing": "0.00714em",
      "lineHeight": 1.57,
    },
  },
  "zIndex": Object {
    "appBar": 1100,
    "drawer": 1200,
    "mobileStepper": 1000,
    "modal": 1300,
    "snackbar": 1400,
    "tooltip": 1500,
  },
}
`;
