// Jest Snapshot v1, https://goo.gl/fbAQLP

exports[`Starting in the middle of the game should work 1`] = `
Object {
  "bid": Object {
    "player_5": 0,
    "player_6": 0,
    "player_7": 0,
    "player_8": 0,
  },
  "currentPlayerOrder": Array [
    "player_5",
    "player_6",
    "player_7",
    "player_8",
  ],
  "currentRound": 5,
  "names": Object {
    "player_5": "John",
    "player_6": "Mary",
    "player_7": "Henry",
    "player_8": "Joe",
  },
  "rounds": 13,
  "scores": Object {
    "player_5": Array [
      0,
      0,
      0,
      0,
    ],
    "player_6": Array [
      0,
      0,
      0,
      0,
    ],
    "player_7": Array [
      0,
      0,
      0,
      0,
    ],
    "player_8": Array [
      0,
      0,
      0,
      0,
    ],
  },
  "stage": "waitingBid",
  "startTime": 1970-01-01T00:00:00.000Z,
}
`;

exports[`it should generate state according to action 1`] = `
Object {
  "bid": Object {
    "player_1": 0,
    "player_2": 0,
    "player_3": 0,
    "player_4": 0,
  },
  "currentPlayerOrder": Array [
    "player_1",
    "player_2",
    "player_3",
    "player_4",
  ],
  "currentRound": 1,
  "names": Object {
    "player_1": "John",
    "player_2": "Mary",
    "player_3": "Henry",
    "player_4": "Joe",
  },
  "rounds": 13,
  "scores": Object {
    "player_1": Array [],
    "player_2": Array [],
    "player_3": Array [],
    "player_4": Array [],
  },
  "stage": "waitingBid",
  "startTime": 1970-01-01T00:00:00.000Z,
}
`;
